// Jest Snapshot v1, https://goo.gl/fbAQLP

exports[`<DebondingDelegationList  /> should match snapshot 1`] = `
.c0 {
  display: -webkit-box;
  display: -webkit-flex;
  display: -ms-flexbox;
  display: flex;
  box-sizing: border-box;
  max-width: 100%;
  min-width: 0;
  min-height: 0;
  -webkit-flex-direction: column;
  -ms-flex-direction: column;
  flex-direction: column;
}

.c1 {
  display: -webkit-box;
  display: -webkit-flex;
  display: -ms-flexbox;
  display: flex;
  box-sizing: border-box;
  max-width: 100%;
  background-color: #FFFFFF;
  color: #16213E;
  min-width: 0;
  min-height: 0;
  -webkit-flex-direction: column;
  -ms-flex-direction: column;
  flex-direction: column;
  padding: 24px;
}

.c12 {
  display: inline-block;
  -webkit-flex: 0 0 auto;
  -ms-flex: 0 0 auto;
  flex: 0 0 auto;
  width: 20px;
  height: 20px;
  fill: currentColor;
  stroke: currentColor;
}

.c12 g {
  fill: inherit;
  stroke: inherit;
}

.c12 *:not([stroke])[fill='none'] {
  stroke-width: 0;
}

.c12 *[stroke*='#'],
.c12 *[STROKE*='#'] {
  stroke: inherit;
  fill: none;
}

.c12 *[fill-rule],
.c12 *[FILL-RULE],
.c12 *[fill*='#'],
.c12 *[FILL*='#'] {
  fill: inherit;
  stroke: none;
}

.c18 {
  font-size: 16px;
  line-height: 20px;
  color: #0500e2;
}

.c4 {
  position: relative;
  box-sizing: border-box;
  display: -webkit-box;
  display: -webkit-flex;
  display: -ms-flexbox;
  display: flex;
  -webkit-flex-direction: column;
  -ms-flex-direction: column;
  flex-direction: column;
  width: 100%;
  height: 100%;
  max-width: 100%;
  color: unset;
  background-color: unset;
}

.c5 {
  display: -webkit-box;
  display: -webkit-flex;
  display: -ms-flexbox;
  display: flex;
  width: 100%;
  color: unset;
  font-size: 12px;
  font-weight: 500;
}

.c6 {
  display: -webkit-box;
  display: -webkit-flex;
  display: -ms-flexbox;
  display: flex;
  -webkit-align-items: stretch;
  -webkit-box-align: stretch;
  -ms-flex-align: stretch;
  align-items: stretch;
  width: 100%;
  background-color: unset;
  min-height: 52px;
  border-bottom-width: 1px;
  border-bottom-color: #AAAAAAaa;
  border-bottom-style: solid;
}

.c7 {
  position: relative;
  display: -webkit-box;
  display: -webkit-flex;
  display: -ms-flexbox;
  display: flex;
  -webkit-align-items: center;
  -webkit-box-align: center;
  -ms-flex-align: center;
  align-items: center;
  box-sizing: border-box;
  line-height: normal;
  padding-left: 16px;
  padding-right: 16px;
  font-size: 16px;
}

.c17 {
  position: relative;
  display: -webkit-box;
  display: -webkit-flex;
  display: -ms-flexbox;
  display: flex;
  -webkit-align-items: center;
  -webkit-box-align: center;
  -ms-flex-align: center;
  align-items: center;
  box-sizing: border-box;
  line-height: normal;
  padding-left: 16px;
  padding-right: 16px;
  word-break: break-word;
}

.c8 {
  -webkit-box-flex: 1;
  -webkit-flex-grow: 1;
  -ms-flex-positive: 1;
  flex-grow: 1;
  -webkit-flex-shrink: 0;
  -ms-flex-negative: 0;
  flex-shrink: 0;
  -webkit-flex-basis: 0;
  -ms-flex-preferred-size: 0;
  flex-basis: 0;
  max-width: 100%;
  min-width: 100px;
  min-width: 34px;
  max-width: 34px;
}

.c9 {
  -webkit-box-flex: 1;
  -webkit-flex-grow: 1;
  -ms-flex-positive: 1;
  flex-grow: 1;
  -webkit-flex-shrink: 0;
  -ms-flex-negative: 0;
  flex-shrink: 0;
  -webkit-flex-basis: 0;
  -ms-flex-preferred-size: 0;
  flex-basis: 0;
  max-width: 40ex;
  min-width: 15ex;
}

.c13 {
  -webkit-box-flex: 1;
  -webkit-flex-grow: 1;
  -ms-flex-positive: 1;
  flex-grow: 1;
  -webkit-flex-shrink: 0;
  -ms-flex-negative: 0;
  flex-shrink: 0;
  -webkit-flex-basis: 0;
  -ms-flex-preferred-size: 0;
  flex-basis: 0;
  max-width: 100%;
  min-width: 100px;
  min-width: 28ex;
  max-width: 28ex;
  -webkit-box-pack: end;
  -webkit-justify-content: flex-end;
  -ms-flex-pack: end;
  justify-content: flex-end;
}

.c14 {
  -webkit-box-flex: 1;
  -webkit-flex-grow: 1;
  -ms-flex-positive: 1;
  flex-grow: 1;
  -webkit-flex-shrink: 0;
  -ms-flex-negative: 0;
  flex-shrink: 0;
  -webkit-flex-basis: 0;
  -ms-flex-preferred-size: 0;
  flex-basis: 0;
  max-width: 100%;
  min-width: 100px;
}

.c16 {
  display: -webkit-box;
  display: -webkit-flex;
  display: -ms-flexbox;
  display: flex;
  -webkit-align-items: stretch;
  -webkit-box-align: stretch;
  -ms-flex-align: stretch;
  align-items: stretch;
  -webkit-align-content: stretch;
  -ms-flex-line-pack: stretch;
  align-content: stretch;
  width: 100%;
  box-sizing: border-box;
  font-size: 16px;
  font-weight: 400;
  color: unset;
  background-color: unset;
  min-height: 48px;
}

.c16:not(:last-of-type) {
  border-bottom-style: solid;
  border-bottom-width: 1px;
  border-bottom-color: #AAAAAAaa;
}

.c16:hover {
  color: unset;
  background-color: #88888833;
  -webkit-transition-duration: 0.15s;
  transition-duration: 0.15s;
  -webkit-transition-property: background-color;
  transition-property: background-color;
  border-bottom-color: unset;
  outline-style: solid;
  outline-width: 1px;
  outline-color: unset;
}

.c16:hover {
  cursor: pointer;
}

.c10 {
  display: -webkit-inline-box;
  display: -webkit-inline-flex;
  display: -ms-inline-flexbox;
  display: inline-flex;
  -webkit-align-items: center;
  -webkit-box-align: center;
  -ms-flex-align: center;
  align-items: center;
  -webkit-box-pack: inherit;
  -webkit-justify-content: inherit;
  -ms-flex-pack: inherit;
  justify-content: inherit;
  height: 100%;
  width: 100%;
  outline: none;
  -webkit-user-select: none;
  -moz-user-select: none;
  -ms-user-select: none;
  user-select: none;
  overflow: hidden;
  cursor: pointer;
}

.c10 span.__rdt_custom_sort_icon__ i,
.c10 span.__rdt_custom_sort_icon__ svg {
  -webkit-transform: 'translate3d(0, 0, 0)';
  -ms-transform: 'translate3d(0, 0, 0)';
  transform: 'translate3d(0, 0, 0)';
  opacity: 0;
  color: inherit;
  font-size: 18px;
  height: 18px;
  width: 18px;
  -webkit-backface-visibility: hidden;
  backface-visibility: hidden;
  -webkit-transform-style: preserve-3d;
  -ms-transform-style: preserve-3d;
  transform-style: preserve-3d;
  -webkit-transition-duration: 95ms;
  transition-duration: 95ms;
  -webkit-transition-property: -webkit-transform;
  -webkit-transition-property: transform;
  transition-property: transform;
}

.c10 span.__rdt_custom_sort_icon__.asc i,
.c10 span.__rdt_custom_sort_icon__.asc svg {
  -webkit-transform: rotate(180deg);
  -ms-transform: rotate(180deg);
  transform: rotate(180deg);
}

.c10:hover,
.c10:focus {
  opacity: 0.7;
}

.c10:hover span,
.c10:focus span,
.c10:hover span.__rdt_custom_sort_icon__ *,
.c10:focus span.__rdt_custom_sort_icon__ * {
  opacity: 0.7;
}

.c11 {
  overflow: hidden;
  white-space: nowrap;
  text-overflow: ellipsis;
}

.c15 {
  display: -webkit-box;
  display: -webkit-flex;
  display: -ms-flexbox;
  display: flex;
  -webkit-flex-direction: column;
  -ms-flex-direction: column;
  flex-direction: column;
}

.c2 {
  position: relative;
  width: 100%;
  border-radius: inherit;
  overflow-x: auto;
  overflow-y: hidden;
  min-height: 0;
}

.c3 {
  position: relative;
  width: 100%;
  display: table;
}

@media only screen and (max-width:768px) {

}

@media only screen and (max-width:768px) {
  .c1 {
    padding: 12px;
  }
}

@media only screen and (max-width:768px) {

}

@media only screen and (max-width:768px) {

}

<section
  class="c0"
  data-testid="debonding-delegations"
>
  <div
    class="c1"
  >
    <div
      class="c2"
    >
      <div
        class="c3"
      >
        <div
          class="c4 rdt_Table"
          role="table"
        >
          <div
            class="c5 rdt_TableHead"
            role="rowgroup"
          >
            <div
              class="c6 rdt_TableHeadRow"
              role="row"
            >
              <div
                class="c7 c8 rdt_TableCol"
                data-column-id="icon"
                width="34px"
              />
              <div
                class="c7 c9 rdt_TableCol"
                data-column-id="name"
              >
                <div
                  class="c10 rdt_TableCol_Sortable"
                  data-column-id="name"
                  data-sort-id="name"
                  role="columnheader"
                  tabindex="0"
                >
                  <div
                    class="c11"
                    data-column-id="name"
                  >
                    validator.name
                  </div>
                  <span
                    class="asc __rdt_custom_sort_icon__"
                  >
                    <svg
                      aria-label="Down"
                      class="c12"
                      viewBox="0 0 24 24"
                    >
                      <path
                        d="m2 8.35 10.173 9.823L21.997 8"
                        fill="none"
                        stroke="#000"
                        stroke-width="2"
                      />
                    </svg>
                  </span>
                </div>
              </div>
              <div
                class="c7 c13 rdt_TableCol"
                data-column-id="amount"
                width="28ex"
              >
                <div
                  class="c10 rdt_TableCol_Sortable"
                  data-column-id="amount"
                  data-sort-id="amount"
                  role="columnheader"
                  tabindex="0"
                >
                  <span
                    class="asc __rdt_custom_sort_icon__"
                  >
                    <svg
                      aria-label="Down"
                      class="c12"
                      viewBox="0 0 24 24"
                    >
                      <path
                        d="m2 8.35 10.173 9.823L21.997 8"
                        fill="none"
                        stroke="#000"
                        stroke-width="2"
                      />
                    </svg>
                  </span>
                  <div
                    class="c11"
                    data-column-id="amount"
                  >
                    delegations.reclaimedAmount
                  </div>
                </div>
              </div>
              <div
                class="c7 c14 rdt_TableCol"
                data-column-id="debondingTimeEnd"
              >
                <div
                  class="c10 rdt_TableCol_Sortable"
                  data-column-id="debondingTimeEnd"
                  data-sort-id="debondingTimeEnd"
                  role="columnheader"
                  tabindex="0"
                >
                  <div
                    class="c11"
                    data-column-id="debondingTimeEnd"
                  >
                    delegations.debondingTimeEnd
                  </div>
                  <span
                    class="asc __rdt_custom_sort_icon__"
                  >
                    <svg
                      aria-label="Down"
                      class="c12"
                      viewBox="0 0 24 24"
                    >
                      <path
                        d="m2 8.35 10.173 9.823L21.997 8"
                        fill="none"
                        stroke="#000"
                        stroke-width="2"
                      />
                    </svg>
                  </span>
                </div>
              </div>
            </div>
          </div>
          <div
            class="c15 rdt_TableBody"
            role="rowgroup"
          >
            <div
              class="c16 rdt_TableRow"
              id="row-test-validator+100"
              role="row"
            >
              <div
                class="c17 c8 rdt_TableCell"
                data-column-id="icon"
                data-tag="allowRowEvents"
                id="cell-icon-test-validator+100"
                role="cell"
                width="34px"
              >
                <div />
              </div>
              <div
                class="c17 c9 rdt_TableCell"
                data-column-id="name"
                data-tag="allowRowEvents"
                id="cell-name-test-validator+100"
                role="cell"
              >
                <div>
                  test-validator
                </div>
              </div>
              <div
                class="c17 c13 rdt_TableCell"
                data-column-id="amount"
                data-tag="allowRowEvents"
                id="cell-amount-test-validator+100"
                role="cell"
                width="28ex"
              >
                <div>
                  <span>
                    <div
                      class="c0"
                      style="display: inline-flex; white-space: nowrap; font-family: "Roboto mono", monospace; letter-spacing: 0;"
                    >
                      0.00
                    </div>
                    <span
                      class="c18"
                    >
                      <span
                        class="notranslate"
                        translate="no"
                      >
                         TEST
                      </span>
                    </span>
                  </span>
                </div>
              </div>
              <div
                class="c17 c14 rdt_TableCell"
                data-column-id="debondingTimeEnd"
                data-tag="allowRowEvents"
                id="cell-debondingTimeEnd-test-validator+100"
                role="cell"
              >
                <div>
                  <span>
                    in 4 days
                  </span>
                </div>
              </div>
            </div>
          </div>
        </div>
      </div>
    </div>
  </div>
</section>
`;
