// Jest Snapshot v1, https://goo.gl/fbAQLP

exports[`<AddContact  /> should match snapshot 1`] = `
.c8 {
  display: inline-block;
  -webkit-flex: 0 0 auto;
  -ms-flex: 0 0 auto;
  flex: 0 0 auto;
  width: 18px;
  height: 18px;
  fill: currentColor;
  stroke: currentColor;
}

.c8 g {
  fill: inherit;
  stroke: inherit;
}

.c8 *:not([stroke])[fill='none'] {
  stroke-width: 0;
}

.c8 *[stroke*='#'],
.c8 *[STROKE*='#'] {
  stroke: inherit;
  fill: none;
}

.c8 *[fill-rule],
.c8 *[FILL-RULE],
.c8 *[fill*='#'],
.c8 *[FILL*='#'] {
  fill: inherit;
  stroke: none;
}

.c0 {
  font-family: Rubik,sans-serif;
  font-size: 16px;
  line-height: 20px;
  background-color: #ffffff;
  color: #16213E;
  box-sizing: border-box;
  -webkit-text-size-adjust: 100%;
  -ms-text-size-adjust: 100%;
  -moz-osx-font-smoothing: grayscale;
  -webkit-font-smoothing: antialiased;
}

.c4 {
  display: -webkit-box;
  display: -webkit-flex;
  display: -ms-flexbox;
  display: flex;
  box-sizing: border-box;
  max-width: 100%;
  min-width: 0;
  min-height: 0;
  -webkit-flex-direction: column;
  -ms-flex-direction: column;
  flex-direction: column;
  -webkit-flex: 1 0 auto;
  -ms-flex: 1 0 auto;
  flex: 1 0 auto;
}

.c5 {
  display: -webkit-box;
  display: -webkit-flex;
  display: -ms-flexbox;
  display: flex;
  box-sizing: border-box;
  max-width: 100%;
  margin-left: 24px;
  margin-right: 24px;
  margin-top: 12px;
  margin-bottom: 24px;
  min-width: 0;
  min-height: 0;
  -webkit-flex-direction: column;
  -ms-flex-direction: column;
  flex-direction: column;
  -webkit-flex: 1 0 auto;
  -ms-flex: 1 0 auto;
  flex: 1 0 auto;
}

.c6 {
  display: -webkit-box;
  display: -webkit-flex;
  display: -ms-flexbox;
  display: flex;
  box-sizing: border-box;
  max-width: 100%;
  -webkit-align-items: flex-end;
  -webkit-box-align: flex-end;
  -ms-flex-align: flex-end;
  align-items: flex-end;
  min-width: 0;
  min-height: 0;
  -webkit-flex-direction: column;
  -ms-flex-direction: column;
  flex-direction: column;
}

.c9 {
  display: -webkit-box;
  display: -webkit-flex;
  display: -ms-flexbox;
  display: flex;
  box-sizing: border-box;
  max-width: 100%;
  min-width: 0;
  min-height: 0;
  -webkit-flex-direction: column;
  -ms-flex-direction: column;
  flex-direction: column;
}

.c11 {
  display: -webkit-box;
  display: -webkit-flex;
  display: -ms-flexbox;
  display: flex;
  box-sizing: border-box;
  max-width: 100%;
  -webkit-align-self: flex-start;
  -ms-flex-item-align: start;
  align-self: flex-start;
  min-width: 0;
  min-height: 0;
  -webkit-flex-direction: column;
  -ms-flex-direction: column;
  flex-direction: column;
  -webkit-flex: 0 0 auto;
  -ms-flex: 0 0 auto;
  flex: 0 0 auto;
}

.c12 {
  display: -webkit-box;
  display: -webkit-flex;
  display: -ms-flexbox;
  display: flex;
  box-sizing: border-box;
  max-width: 100%;
  min-width: 0;
  min-height: 0;
  -webkit-flex-direction: row;
  -ms-flex-direction: row;
  flex-direction: row;
  -webkit-flex: 0 0 auto;
  -ms-flex: 0 0 auto;
  flex: 0 0 auto;
  -webkit-box-pack: center;
  -webkit-justify-content: center;
  -ms-flex-pack: center;
  justify-content: center;
  overflow: visible;
}

.c14 {
  display: -webkit-box;
  display: -webkit-flex;
  display: -ms-flexbox;
  display: flex;
  box-sizing: border-box;
  max-width: 100%;
  margin-left: 6px;
  margin-right: 6px;
  margin-top: 3px;
  margin-bottom: 3px;
  border-bottom: solid 2px #0500e2;
  min-width: 0;
  min-height: 0;
  -webkit-flex-direction: column;
  -ms-flex-direction: column;
  flex-direction: column;
  padding-bottom: 6px;
}

.c18 {
  display: -webkit-box;
  display: -webkit-flex;
  display: -ms-flexbox;
  display: flex;
  box-sizing: border-box;
  max-width: 100%;
  min-width: 0;
  min-height: 0;
  -webkit-flex-direction: column;
  -ms-flex-direction: column;
  flex-direction: column;
  -webkit-flex: 1 0 auto;
  -ms-flex: 1 0 auto;
  flex: 1 0 auto;
  -webkit-box-pack: center;
  -webkit-justify-content: center;
  -ms-flex-pack: center;
  justify-content: center;
}

.c19 {
  display: -webkit-box;
  display: -webkit-flex;
  display: -ms-flexbox;
  display: flex;
  box-sizing: border-box;
  max-width: 100%;
  margin-bottom: 12px;
  min-width: 0;
  min-height: 0;
  -webkit-flex-direction: column;
  -ms-flex-direction: column;
  flex-direction: column;
}

.c20 {
  display: -webkit-box;
  display: -webkit-flex;
  display: -ms-flexbox;
  display: flex;
  box-sizing: border-box;
  max-width: 100%;
  border-bottom: solid 1px rgba(0,0,0,0.33);
  min-width: 0;
  min-height: 0;
  -webkit-flex-direction: column;
  -ms-flex-direction: column;
  flex-direction: column;
}

.c24 {
  display: -webkit-box;
  display: -webkit-flex;
  display: -ms-flexbox;
  display: flex;
  box-sizing: border-box;
  max-width: 100%;
  -webkit-align-items: center;
  -webkit-box-align: center;
  -ms-flex-align: center;
  align-items: center;
  min-width: 0;
  min-height: 0;
  -webkit-flex-direction: row;
  -ms-flex-direction: row;
  flex-direction: row;
  -webkit-box-pack: justify;
  -webkit-justify-content: space-between;
  -ms-flex-pack: justify;
  justify-content: space-between;
  padding-top: 24px;
}

.c16 {
  font-size: 16px;
  line-height: 20px;
  color: #0500e2;
}

.c7 {
  display: inline-block;
  box-sizing: border-box;
  cursor: pointer;
  font: inherit;
  -webkit-text-decoration: none;
  text-decoration: none;
  margin: 0;
  background: transparent;
  overflow: visible;
  text-transform: none;
  color: inherit;
  outline: none;
  border: none;
  padding: 0;
  text-align: inherit;
  line-height: 0;
  padding: 12px;
}

.c7:focus {
  outline: none;
  box-shadow: 0 0 2px 2px #00A9FF;
}

.c7:focus > circle,
.c7:focus > ellipse,
.c7:focus > line,
.c7:focus > path,
.c7:focus > polygon,
.c7:focus > polyline,
.c7:focus > rect {
  outline: none;
  box-shadow: 0 0 2px 2px #00A9FF;
}

.c7:focus::-moz-focus-inner {
  border: 0;
}

.c7:focus:not(:focus-visible) {
  outline: none;
  box-shadow: none;
}

.c7:focus:not(:focus-visible) > circle,
.c7:focus:not(:focus-visible) > ellipse,
.c7:focus:not(:focus-visible) > line,
.c7:focus:not(:focus-visible) > path,
.c7:focus:not(:focus-visible) > polygon,
.c7:focus:not(:focus-visible) > polyline,
.c7:focus:not(:focus-visible) > rect {
  outline: none;
  box-shadow: none;
}

.c7:focus:not(:focus-visible)::-moz-focus-inner {
  border: 0;
}

.c13 {
  display: inline-block;
  box-sizing: border-box;
  cursor: pointer;
  font: inherit;
  -webkit-text-decoration: none;
  text-decoration: none;
  margin: 0;
  background: transparent;
  overflow: visible;
  text-transform: none;
  color: inherit;
  outline: none;
  border: none;
  padding: 0;
  text-align: inherit;
}

.c13:focus {
  outline: none;
  box-shadow: 0 0 2px 2px #00A9FF;
}

.c13:focus > circle,
.c13:focus > ellipse,
.c13:focus > line,
.c13:focus > path,
.c13:focus > polygon,
.c13:focus > polyline,
.c13:focus > rect {
  outline: none;
  box-shadow: 0 0 2px 2px #00A9FF;
}

.c13:focus::-moz-focus-inner {
  border: 0;
}

.c13:focus:not(:focus-visible) {
  outline: none;
  box-shadow: none;
}

.c13:focus:not(:focus-visible) > circle,
.c13:focus:not(:focus-visible) > ellipse,
.c13:focus:not(:focus-visible) > line,
.c13:focus:not(:focus-visible) > path,
.c13:focus:not(:focus-visible) > polygon,
.c13:focus:not(:focus-visible) > polyline,
.c13:focus:not(:focus-visible) > rect {
  outline: none;
  box-shadow: none;
}

.c13:focus:not(:focus-visible)::-moz-focus-inner {
  border: 0;
}

.c25 {
  display: inline-block;
  box-sizing: border-box;
  cursor: pointer;
  font: inherit;
  -webkit-text-decoration: none;
  text-decoration: none;
  margin: 0;
  background: transparent;
  overflow: visible;
  text-transform: none;
  border: 2px solid #0500e2;
  border-radius: 4px;
  color: #16213E;
  padding: 4px 22px;
  font-size: 16px;
  line-height: 20px;
  -webkit-transition-property: color,background-color,border-color,box-shadow;
  transition-property: color,background-color,border-color,box-shadow;
  -webkit-transition-duration: 0.1s;
  transition-duration: 0.1s;
  -webkit-transition-timing-function: ease-in-out;
  transition-timing-function: ease-in-out;
  font-weight: bold;
}

.c25:hover {
  box-shadow: 0px 0px 0px 2px #0500e2;
}

.c25:focus {
  outline: none;
  box-shadow: 0 0 2px 2px #00A9FF;
}

.c25:focus > circle,
.c25:focus > ellipse,
.c25:focus > line,
.c25:focus > path,
.c25:focus > polygon,
.c25:focus > polyline,
.c25:focus > rect {
  outline: none;
  box-shadow: 0 0 2px 2px #00A9FF;
}

.c25:focus::-moz-focus-inner {
  border: 0;
}

.c25:focus:not(:focus-visible) {
  outline: none;
  box-shadow: none;
}

.c25:focus:not(:focus-visible) > circle,
.c25:focus:not(:focus-visible) > ellipse,
.c25:focus:not(:focus-visible) > line,
.c25:focus:not(:focus-visible) > path,
.c25:focus:not(:focus-visible) > polygon,
.c25:focus:not(:focus-visible) > polyline,
.c25:focus:not(:focus-visible) > rect {
  outline: none;
  box-shadow: none;
}

.c25:focus:not(:focus-visible)::-moz-focus-inner {
  border: 0;
}

.c26 {
  display: inline-block;
  box-sizing: border-box;
  cursor: pointer;
  font: inherit;
  -webkit-text-decoration: none;
  text-decoration: none;
  margin: 0;
  background: transparent;
  overflow: visible;
  text-transform: none;
  border: 2px solid #0500e2;
  border-radius: 4px;
  color: #16213E;
  padding: 4px 22px;
  font-size: 16px;
  line-height: 20px;
  background-color: #0500e2;
  color: #F8F8F8;
  border-radius: 4px;
  -webkit-transition-property: color,background-color,border-color,box-shadow;
  transition-property: color,background-color,border-color,box-shadow;
  -webkit-transition-duration: 0.1s;
  transition-duration: 0.1s;
  -webkit-transition-timing-function: ease-in-out;
  transition-timing-function: ease-in-out;
  font-weight: bold;
}

.c26:hover {
  box-shadow: 0px 0px 0px 2px #0500e2;
}

.c26:focus {
  outline: none;
  box-shadow: 0 0 2px 2px #00A9FF;
}

.c26:focus > circle,
.c26:focus > ellipse,
.c26:focus > line,
.c26:focus > path,
.c26:focus > polygon,
.c26:focus > polyline,
.c26:focus > rect {
  outline: none;
  box-shadow: 0 0 2px 2px #00A9FF;
}

.c26:focus::-moz-focus-inner {
  border: 0;
}

.c26:focus:not(:focus-visible) {
  outline: none;
  box-shadow: none;
}

.c26:focus:not(:focus-visible) > circle,
.c26:focus:not(:focus-visible) > ellipse,
.c26:focus:not(:focus-visible) > line,
.c26:focus:not(:focus-visible) > path,
.c26:focus:not(:focus-visible) > polygon,
.c26:focus:not(:focus-visible) > polyline,
.c26:focus:not(:focus-visible) > rect {
  outline: none;
  box-shadow: none;
}

.c26:focus:not(:focus-visible)::-moz-focus-inner {
  border: 0;
}

.c17 {
  min-height: 0;
  padding-top: 24px;
  display: -webkit-box;
  display: -webkit-flex;
  display: -ms-flexbox;
  display: flex;
  -webkit-flex-direction: column;
  -ms-flex-direction: column;
  flex-direction: column;
  -webkit-box-flex: 1;
  -webkit-flex-grow: 1;
  -ms-flex-positive: 1;
  flex-grow: 1;
}

.c10 {
  display: -webkit-box;
  display: -webkit-flex;
  display: -ms-flexbox;
  display: flex;
  -webkit-flex-direction: column;
  -ms-flex-direction: column;
  flex-direction: column;
  -webkit-box-flex: 1;
  -webkit-flex-grow: 1;
  -ms-flex-positive: 1;
  flex-grow: 1;
}

.c10 > [role='tablist'] > button {
  padding-left: 0;
  padding-right: 0;
}

.c10 > [role='tablist'] > button svg {
  width: 14px;
  margin-top: -5px;
}

.c15 {
  white-space: nowrap;
  margin-left: 6px;
  margin-right: 6px;
  margin-top: 3px;
  margin-bottom: 3px;
}

.c15:hover {
  color: #000000;
}

.c15:focus {
  z-index: 1;
}

.c22 {
  box-sizing: border-box;
  font-size: inherit;
  font-family: inherit;
  border: none;
  -webkit-appearance: none;
  background: transparent;
  color: inherit;
  width: 100%;
  padding-left: 5px;
  padding-right: 5px;
  padding-top: 12px;
  padding-bottom: 12px;
  font-weight: 600;
  margin: 0;
  border: 1px solid rgba(0,0,0,0.33);
  border-radius: 4px;
  outline: none;
  border: none;
}

.c22::-webkit-input-placeholder {
  color: #AAAAAA;
}

.c22::-moz-placeholder {
  color: #AAAAAA;
}

.c22:-ms-input-placeholder {
  color: #AAAAAA;
}

.c22::-webkit-search-decoration {
  -webkit-appearance: none;
}

.c22::-moz-focus-inner {
  border: none;
  outline: none;
}

.c22:-moz-placeholder,
.c22::-moz-placeholder {
  opacity: 1;
}

.c22::-webkit-input-placeholder {
  font-size: 14px;
}

.c22::-moz-placeholder {
  font-size: 14px;
}

.c22:-ms-input-placeholder {
  font-size: 14px;
}

.c22::placeholder {
  font-size: 14px;
}

.c21 {
  position: relative;
  width: 100%;
}

.c23 {
  box-sizing: border-box;
  font-size: inherit;
  font-family: inherit;
  border: none;
  -webkit-appearance: none;
  background: transparent;
  color: inherit;
  width: 100%;
  padding-left: 5px;
  padding-right: 5px;
  padding-top: 12px;
  padding-bottom: 12px;
  font-weight: 600;
  margin: 0;
  border: 1px solid rgba(0,0,0,0.33);
  border-radius: 4px;
  outline: none;
  border: none;
  width: 100%;
  -webkit-appearance: none;
  max-width: 100%;
}

.c23::-webkit-input-placeholder {
  color: #AAAAAA;
}

.c23::-moz-placeholder {
  color: #AAAAAA;
}

.c23:-ms-input-placeholder {
  color: #AAAAAA;
}

.c23::-webkit-search-decoration {
  -webkit-appearance: none;
}

.c23::-moz-focus-inner {
  border: none;
  outline: none;
}

.c23:-moz-placeholder,
.c23::-moz-placeholder {
  opacity: 1;
}

.c23::-webkit-input-placeholder {
  font-size: 14px;
}

.c23::-moz-placeholder {
  font-size: 14px;
}

.c23:-ms-input-placeholder {
  font-size: 14px;
}

.c23::placeholder {
  font-size: 14px;
}

.c1 {
  font-family: Rubik,sans-serif;
  font-size: 16px;
  line-height: 20px;
  background-color: #ffffff;
  color: #16213E;
  box-sizing: border-box;
  -webkit-text-size-adjust: 100%;
  -ms-text-size-adjust: 100%;
  -moz-osx-font-smoothing: grayscale;
  -webkit-font-smoothing: antialiased;
  background: transparent;
  position: relative;
  z-index: 20;
  pointer-events: none;
  outline: none;
  position: fixed;
  top: 0px;
  left: 0px;
  right: 0px;
  bottom: 0px;
}

.c2 {
  position: absolute;
  top: 0px;
  left: 0px;
  right: 0px;
  bottom: 0px;
  background-color: rgba(0,0,0,0.5);
  color: #F8F8F8;
  pointer-events: all;
  will-change: transform;
}

.c3 {
  display: -webkit-box;
  display: -webkit-flex;
  display: -ms-flexbox;
  display: flex;
  -webkit-flex-direction: column;
  -ms-flex-direction: column;
  flex-direction: column;
  min-height: 48px;
  background-color: #FFFFFF;
  color: #16213E;
  outline: none;
  pointer-events: all;
  z-index: 20;
  position: absolute;
  max-height: calc(100% - 0px - 0px);
  max-width: calc(100% - 0px - 0px);
  border-radius: 4px;
  top: 50%;
  left: 50%;
  -webkit-transform: translate(-50%,-50%);
  -ms-transform: translate(-50%,-50%);
  transform: translate(-50%,-50%);
}

@media only screen and (max-width:768px) {
  .c5 {
    margin-left: 12px;
    margin-right: 12px;
  }
}

@media only screen and (max-width:768px) {
  .c5 {
    margin-top: 6px;
  }
}

@media only screen and (max-width:768px) {
  .c5 {
    margin-bottom: 12px;
  }
}

@media only screen and (max-width:768px) {
  .c14 {
    margin-left: 3px;
    margin-right: 3px;
  }
}

@media only screen and (max-width:768px) {
  .c14 {
    margin-top: 2px;
    margin-bottom: 2px;
  }
}

@media only screen and (max-width:768px) {
  .c14 {
    border-bottom: solid 2px #0500e2;
  }
}

@media only screen and (max-width:768px) {
  .c14 {
    padding-bottom: 3px;
  }
}

@media only screen and (max-width:768px) {
  .c19 {
    margin-bottom: 6px;
  }
}

@media only screen and (max-width:768px) {
  .c20 {
    border-bottom: solid 1px rgba(0,0,0,0.33);
  }
}

@media only screen and (max-width:768px) {
  .c24 {
    padding-top: 12px;
  }
}

@media only screen and (max-width:768px) {
  .c1 {
    position: fixed;
    width: 100%;
    height: 100%;
    min-height: 100vh;
  }
}

@media only screen and (max-width:768px) {
  .c1 {
    min-height: 100dvh;
  }
}

@media only screen and (max-width:768px) {
  .c2 {
    position: relative;
  }
}

@media only screen and (max-width:768px) {
  .c3 {
    position: relative;
    max-height: none;
    max-width: none;
    border-radius: 0;
    height: 100vh;
    width: 100vw;
  }
}

@media only screen and (max-width:768px) {
  .c3 {
    height: 100dvh;
  }
}

<body
  style=""
>
  <div>
    <div
      class="c0"
      style="min-height: 100dvh;"
    />
  </div>
  <div>
    <div
      style="position: absolute; height: 1px; left: 0px; right: 0px; top: 0px;"
      tabindex="0"
    />
    <div
      aria-hidden="false"
    >
      <div
        class="c1"
        tabindex="-1"
      >
        <div
          class="c2"
        />
        <div
          class="c3 fix-responsive-layer"
          data-g-portal-id="0"
          style="overflow-y: auto; width: 100%; max-width: none; min-height: min(600px, 90dvh);"
        >
          <div
            class="c4"
            style="min-height: 100dvh;"
          >
            <div
              class="c5"
            >
              <div
                class="c6"
              >
                <button
                  class="c7"
                  data-testid="close-settings-modal"
                  type="button"
                >
                  <svg
                    aria-label="Close"
                    class="c8"
                    viewBox="0 0 24 24"
                  >
                    <path
                      d="m3 3 18 18M3 21 21 3"
                      fill="none"
                      stroke="#000"
                      stroke-width="2"
                    />
                  </svg>
                </button>
              </div>
              <div
                class="c9 c10"
              >
                <div
                  class="c11"
                >
                  <div
                    class="c12 "
                    role="tablist"
                  >
                    <button
                      aria-expanded="true"
                      aria-selected="true"
                      class="c13"
                      role="tab"
                      style="text-transform: capitalize;"
                      type="button"
                    >
                      <div
                        class="c14 c15"
                      >
                        <span
                          class="c16"
                        >
                          toolbar.contacts.add
                        </span>
                      </div>
                    </button>
                  </div>
                </div>
                <div
                  aria-label="toolbar.contacts.add Tab Contents"
                  class="c17"
                  role="tabpanel"
                >
                  <div
                    class="c18"
                  >
                    <form
                      style="display: flex; flex: 1; flex-direction: column;"
                    >
                      <div
                        class="c4"
                      >
                        <div
                          class="c19 "
                        >
                          <div
                            class="c20 "
                          >
                            <div
                              class="c21"
                            >
                              <input
                                autocomplete="off"
                                class="c22"
                                name="name"
                                placeholder="toolbar.contacts.name"
                                value=""
                              />
                            </div>
                          </div>
                        </div>
                        <div
                          class="c19 "
                        >
                          <div
                            class="c20 "
                          >
                            <textarea
                              class="c23"
                              name="address"
                              placeholder="toolbar.contacts.address"
                              rows="3"
                            />
                          </div>
                        </div>
                      </div>
                      <div
                        class="c24"
                      >
                        <button
                          class="c25"
                          type="button"
                        >
                          toolbar.contacts.cancel
                        </button>
                        <button
                          class="c26"
                          type="submit"
                        >
                          toolbar.contacts.save
                        </button>
                      </div>
                    </form>
                  </div>
                </div>
              </div>
            </div>
          </div>
        </div>
      </div>
    </div>
    <div
      style="position: absolute; height: 1px; left: 0px; right: 0px; bottom: 0px;"
      tabindex="0"
    />
  </div>
</body>
`;
